// Jest Snapshot v1, https://goo.gl/fbAQLP

exports[`QuizSummary should match the snapshot with all data passed in 1`] = `undefined`;
